// Jest Snapshot v1, https://goo.gl/fbAQLP

exports[`WalletLineChart renders with mocked data 1`] = `
<DocumentFragment>
  <div
    class="absolute right-1/2 bottom-1/2  transform translate-x-1/2 translate-y-1/2 "
  >
    <div
      class="border-t-transparent border-solid animate-spin  rounded-full border-blue-400 border-8 h-64 w-64"
    />
  </div>
</DocumentFragment>
`;
